25 products for 'tirtir cushion' -> shop/shop-tirtir-cushion.json  (sold = lifetime units, not recent sales)

     sold    price rating  reviews  shop / product / url
  180,829      $25    4.4   25,482  TIRTIR Inc.: [TIRTIR Official] Mask Fit AI Filter Cushion Foundation l Fu
                                    https://shop.tiktok.com/us/pdp/mask-fit-ai-filter-cushion-by-tirtir-matte-moisturizing-coverage/1731165367326642778
  138,343      $16    4.5   18,841  TIRTIR Inc.: [TIRTIR Official] Glide & Hide Dual Concealer and Foundation
                                    https://shop.tiktok.com/us/pdp/glide-hide-blurring-concealer-by-tirtir-20-shades-long-lasting/1731165559314747994
   68,354    $32.5    4.6    9,921  TIRTIR Inc.: [TIRTIR Official] Mask Fit Red Cushion Foundation Korean Mak
                                    https://shop.tiktok.com/us/pdp/mask-fit-red-cushion-by-tirtir-korean-full-coverage-foundation/1729595769839063642
   63,220      $15    4.3   10,450  TIRTIR Inc.: [TIRTIR Official] Travel Size Mask Fit AI Filter Cushion Fou
                                    https://shop.tiktok.com/us/pdp/mask-fit-ai-filter-cushion-foundation-moisturizing-lightweight/1731611701872530010
   37,305      $15    4.3    5,631  TIRTIR Inc.: [TIRTIR Official] Travel Size Mask Fit Red Cushion 4.5g | Fu
                                    https://shop.tiktok.com/us/pdp/cushion-foundation-tirtir-mask-fit-red-mini-full-coverage-40-shades/1729595769402397274
   33,384      $31    4.6    3,477  espoir USA: [Espoir Official] Be Velvet Peptide Cover Cushion - Hydratin
                                    https://shop.tiktok.com/us/pdp/be-velvet-cover-cushion-by-espoir-full-coverage-hydration/1731071691844390950
   21,597    $14.7    4.5    3,133  missha.official: M Magic Cushion
                                    https://shop.tiktok.com/us/pdp/m-magic-cushion-by-missha-compact-foundation-for-smooth-flawless-skin/1729616970264383953
   16,940    $32.5    4.4    2,412  TIRTIR Inc.: [TIRTIR Official] Mask Fit Aura Cushion 18g| Semi-glow Finis
                                    https://shop.tiktok.com/us/pdp/mask-fit-aura-cushion-by-tirtir-semi-glow-finish-hydrating-coverage/1729595768948757082
    6,291    $9.98    4.6      491  espoir USA: [Espoir Official][Trial Kit] Be Velvet Cover Cushion Foundat
                                    https://shop.tiktok.com/us/pdp/espoir-velvet-cushion-foundation-kit-long-lasting-flawless/1731349984445567014
    5,876   $20.99    4.1      712  TIRTIR Inc.: [TIRTIR Official] Travel Size Mask Fit Aura Cushion 4.5g | H
                                    https://shop.tiktok.com/us/pdp/cushion-foundation-by-tirtir-mini-size-semi-glow-natural-coverage/1730858740060492378
    3,870    $32.5    4.5      467  StyleKorean US: [Official TIRTIR Partner] Mask Fit Red Cushion, Long Lasting
                                    https://shop.tiktok.com/us/pdp/mask-fit-red-cushion-by-tirtir-long-lasting-high-coverage-semi-matte/1729544948679283308
    3,434   $18.38    4.3      341  cocomintbeauty: TIRTIR - MINI Mask Fit Red Cushion (55N) 4.5g
                                    https://shop.tiktok.com/us/pdp/tirtir-mini-mask-fit-red-cushion-long-lasting-coverage/1729579662262637328
    3,174    $19.5    4.3      454  TIRTIR Inc.: [TIRTIR Official]  Travel Size Mask Fit All Cover Pink Cushi
                                    https://shop.tiktok.com/us/pdp/cushion-foundation-tirtir-all-cover-pink-mini-semi-matte-high-coverage/1730858574469567066
    2,849    $15.6    4.6      215  TIRTIR Inc.: [TIRTIR Official] Travel Size Mask Fit Red Foundation 10ml |
                                    https://shop.tiktok.com/us/pdp/tirtir-official-travel-size-mask-fit-red-foundation-10ml/1732133892787376730
    1,313      $25    4.6       97  BANILA CO GLOBAL: BANILA CO Covericious Rush Cushion Foundation | Rush-Tested 
                                    https://shop.tiktok.com/us/pdp/banila-co-covericious-rush-cushion-foundation-20-shades/1732522257053028954
