30 products for 'wearable blanket' -> /home/user/Mymobileworld/ugc/super-blanky-v2/research/shop/shop-wearable-blanket.json  (sold = lifetime units, not recent sales)

     sold    price rating  reviews  shop / product / url
  188,319   $30.74    4.8   20,062  Msrlassn Store: Msrlassn Oversized Hoodie Blanket for Women Men Adults Weara
                                    https://shop.tiktok.com/us/pdp/hooded-sweatshirt-blanket-by-cute-cartoon-oversized-design-with-big-pocket/1729405570499645529
   55,927   $40.29    4.8    6,103  Msrlassn Shop: Msrlassn Oversized Wearable Blanket Hoodie as Gifts for Mom 
                                    https://shop.tiktok.com/us/pdp/oversized-wearable-blanket-hoodie-by-msrlassn-with-large-pockets/1729751715804254493
   29,767   $82.99    4.6    1,487  DOWNCOOL: Sohochic DOWNCOOL Wearable Electric Heated Blanket for Women
                                    https://shop.tiktok.com/us/pdp/downcool-electric-heated-blanket-throw-50x70-soft-flannel-10-heat-settings/1729712360384009116
   16,112   $99.99    4.7    1,268  VUSIGN HOME: VUSIGN Down Flannel Fleece Wearable Heated Blanket (52x72 in
                                    https://shop.tiktok.com/us/pdp/vusign-heated-blanket-52-x72-7-heat-settings-auto-shut-off/1731634910768501357
   15,815   $30.99    4.8    1,151  Msrlassn Shop: Msrlassn Cute Pajamas Wearable Blanket Hoodie for Women Men,
                                    https://shop.tiktok.com/us/pdp/cute-monster-wearable-blanket-hoodie-soft-warm-versatile/1732365864646512925
   13,340  $246.99    4.5      786  COSYBAY: Cosybay Wearable Electric Blanket - 50*70 Inches, 10 Heat Le
                                    https://shop.tiktok.com/us/pdp/cosybay-heated-blanket-with-sleeves-foot-pocket-10-heat/1729718355098505296
   10,695   $32.97    4.9    1,048  QVC, Inc: Berkshire Velvetsoft Watercolor Meadow Wearable Throw
                                    https://shop.tiktok.com/us/pdp/berkshire-velvetsoft-watercolor-meadow-wearable-throw-cozy-comfy-2-pockets-6-colorways-qvc-brand/1732428858642830279
    8,258   $39.99    4.8      500  Super Blanky: Wearable Blanket【Breast Cancer Awareness & College Dorm Esse
                                    https://shop.tiktok.com/us/pdp/wearable-blanket-by-super-blanky-for-adults-teens-cozy-sleeved-design/1729441706301035467
    7,625   $35.99    4.8      554  Ksnnrsng: Msrlassn Cute Wearable Blanket Hoodie for Women Men, Soft Su
                                    https://shop.tiktok.com/us/pdp/cute-monster-wearable-blanket-hoodie-soft-warm-cozy-pullover/1732365877429440582
    6,555   $31.98    4.8      475  Msrlassn Shop: Msrlassn Oversized Funny Halloween Costume Women Adult Weara
                                    https://shop.tiktok.com/us/pdp/msrlassn-oversized-halloween-costume-hoodie-for-adults-soft-flannel-cozy-wearable-blanket-funny-monster-design-one-size-fits-all/1732419426704003357
    6,479   $39.99    4.9      609  KrifeyUS: Krifey Wearable Blanket Hoodie Print Collection, Oversized S
                                    https://shop.tiktok.com/us/pdp/krifey-wearable-blanket-hoodie-oversized-sherpa-with-large-pockets/1729428680996852241
    6,190   $50.69    4.7      203  Hixiaohe: Hixiaohe Women's Sherpa Wearable Blanket Poncho - One Size, 
                                    https://shop.tiktok.com/us/pdp/hixiaohe-wearable-blanket-sherpa-poncho-for-home-office-use/1731722632816333732
    4,537  $103.99    4.6      337  DailyLifeSelect: Women's Flannel Blend Heated Loungewear Robe - 52x72in Heati
                                    https://shop.tiktok.com/us/pdp/dailylife-heated-blanket-52-x72-7-heat-levels-soft-flannel/1732019331644690461
    3,132   $39.94    4.8      236  Songling: Songling Adult Sherpa Cape Wearable Blanket - Flowing Side S
                                    https://shop.tiktok.com/us/pdp/songling-wearable-blanket-sherpa-cape-soft-cozy-throw/1731973839582237511
    2,625   $48.99    4.8      263  Ksnnrsng: Msrlassn Oversized Cute Wearable Hoodie Blanket Nightgown Ul
                                    https://shop.tiktok.com/us/pdp/wearable-blanket-nightgown-by-cozylife-plus-size-soft-flannel-giant-pockets/1730111763452301382
    1,666   $37.71    4.7       95  Msnck Store: Cute Monster Character Wearable Blanket Hoodie, Soft Sugar F
                                    https://shop.tiktok.com/us/pdp/cute-monster-wearable-blanket-hoodie-soft-warm-perfect-for-home-parties/1732397455373275644
    1,500    $41.6    4.9      136  QVC, Inc: Berkshire Plaid Double Sided Sherpa Wearable Throw
                                    https://shop.tiktok.com/us/pdp/berkshire-plaid-wearable-throw-double-sided-sherpa-cozy-58-x-64/1732565517225923527
      897   $27.99    4.5       86  PAVILIA: PAVILIA Angel Wrap Hooded Blanket Poncho, Wearable Blanket T
                                    https://shop.tiktok.com/us/pdp/angel-wrap-hooded-blanket-poncho-by-pavilia-cozy-fluffy-fleece-wearable-with-pockets-perfect-gift-fo/1731868618226503896
      842   $27.88    4.6       32  Jointly Creating: Blanket Hoodie, Wearable Blanket for Adults Gifts for Women 
                                    https://shop.tiktok.com/us/pdp/blanket-hoodie-for-adults-cozy-stylish-design-ideal-for-all-seasons/1732018482164961340
      358   $33.49    4.5       44  HSN, Inc: Snuggie Mountain Dew Wearable Fleece Blanket with Sleeves
                                    https://shop.tiktok.com/us/pdp/snuggie-mountain-dew-wearable-fleece-blanket-with-sleeves/1732088608075059484
