--days 60: kept 42 of 57 videos posted since 2026-08-06
42 videos -> /home/user/Mymobileworld/ugc/super-blanky-v2/research/tag_wearableblanket/tag-wearableblanket.json

      views  eng%  save%  dur     posted  author / caption / url
  2,300,000   0.8   0.16   26 2026-10-01  @neilaswgza6: Meet the coziest thing on your Christmas list 🎄🤩 This wearable heated 
                                          https://www.tiktok.com/@neilaswgza6/video/7691232474877201695
    673,500   3.1   0.51   16 2026-10-03  @cozykind.us: Don’t show this to a cozy season girl… 🍂 #cozyseason #usa🇺🇸 #CozyVibes
                                          https://www.tiktok.com/@cozykind.us/video/7692447725387910413
    405,400   4.3   0.56   13 2026-09-11  @nocturne.robes: GET YOURS LINK IN BIO! Meet the coziest thing a Goth will wear all win
                                          https://www.tiktok.com/@nocturne.robes/video/7684136857088625934
    381,000   0.5   0.11   31 2026-09-11  @iamsarahtonin: Ever wish you could live under a blanket? Now you can! ☺️☁️ It’s Velve
                                          https://www.tiktok.com/@iamsarahtonin/video/7684069854705437965
    371,400   1.5   0.12   77 2026-09-21  @madisaurusrekd: It’s just as comfy as I dreamed. #cozy #hygge #blanket #wearableblanke
                                          https://www.tiktok.com/@madisaurusrekd/video/7685816030119218463
    327,600   0.7   0.13   27 2026-09-25  @yourfriendjone: Okay I have to tell you about this thing. It's a heated blanket, but y
                                          https://www.tiktok.com/@yourfriendjone/video/7689048082528341261
    288,100   1.1   0.16   12 2026-10-01  @cozykind.us: 🛒 mycozykind.com #cozyseason #usa🇺🇸 #CozyVibes Stay warm anywhere with
                                          https://www.tiktok.com/@cozykind.us/video/7691722065908370701
    245,000   0.4    0.1   17 2026-09-03  @missaayyy1: One for home and one for the office because this wearable blanket will
                                          https://www.tiktok.com/@missaayyy1/video/7681118736786541855
    139,400   1.0    0.2   25 2026-08-21  @sarahgibbons_: A wearable heated blanket is basically a cozy little hug you can take 
                                          https://www.tiktok.com/@sarahgibbons_/video/7676595458504019231
    113,700   1.1   0.17   15 2026-10-03  @cozykind.us: Don’t show this to a cozy season girl… 🍂 #cozyseason #usa🇺🇸 #CozyVibes
                                          https://www.tiktok.com/@cozykind.us/video/7692443588663299342
     77,200   1.9   0.25   14 2026-09-17  @thecozybts: Meet the coziest thing you'll wear all winter 🎄 This hooded and heated
                                          https://www.tiktok.com/@thecozybts/video/7686374075194772767
     76,300   0.4   0.06   22 2026-09-25  @heatherbyday: It doesn’t get cozier than a wearable fleece blanket…perfect for fall 
                                          https://www.tiktok.com/@heatherbyday/video/7689312426105277709
     55,600   0.2   0.03   15 2026-10-04  @abrishii: Sand Cloud just dropped a wearable blanket and it's perfect for fall 🍂
                                          https://www.tiktok.com/@abrishii/video/7692670605111348494
     32,500   2.1   0.29   12 2026-10-02  @cozykind.us: Don’t show this to a woman who loves cozy season… 🍂🤎 #cozyseason #usa🇺
                                          https://www.tiktok.com/@cozykind.us/video/7692056934345723149
     31,000   1.7    0.3   54 2026-09-30  @nickandmaddie_: They make blankets now? #sandcloud #blanket #wearableblanket #cozyvibe
                                          https://www.tiktok.com/@nickandmaddie_/video/7691474483571363085
