57 videos -> /home/user/Mymobileworld/ugc/super-blanky-v2/research/tag_superblanky/tag-superblanky.json

      views  eng%  save%  dur     posted  author / caption / url
  1,900,000   1.6    0.3   35 2025-09-24  @hollyroquemore1: Ruuuuun this blanket is amazing🖤🤍 #tiktokshop #blanket #superblanky #w
                                          https://www.tiktok.com/@hollyroquemore1/video/7553795085230476557
  1,300,000   0.3   0.02    6 2026-07-02  @superblankyco: Blanket people know these fears are all too real. 🤭🛋️ Shop Super Blank
                                          https://www.tiktok.com/@superblankyco/video/7657942586010766605
    902,400   0.6   0.03    8 2026-06-29  @superblankyco: And honestly? I've yet to be proven wrong.🤭 Ready to join the cozy sid
                                          https://www.tiktok.com/@superblankyco/video/7656900103357156621
    476,700   1.4   0.17    8 2026-06-17  @superblankyco: Once my Super Blanky is on, consider me unavailable for the rest of th
                                          https://www.tiktok.com/@superblankyco/video/7652415237727046925
    339,200   0.1   0.01   11 2026-07-29  @superblankyco: We'll happily crank the AC if it means we get another excuse to wear o
                                          https://www.tiktok.com/@superblankyco/video/7667948968957070605
    304,600   0.1   0.01    5 2026-07-01  @superblankyco: Turns out being "overprepared" just means being the most comfortable o
                                          https://www.tiktok.com/@superblankyco/video/7657633103485193485
    206,600   0.8   0.03    6 2026-09-09  @superblankyco: The daycare pickup uniform nobody warned us about. 🤭🚗☁️ Take your Supe
                                          https://www.tiktok.com/@superblankyco/video/7683588061388606734
    110,000   1.0   0.04    7 2026-08-05  @superblankyco: Dog parents know the truth: if your pup wants it, it’s theirs. 🤭🐶 Get 
                                          https://www.tiktok.com/@superblankyco/video/7670640767458725151
     36,600   0.7   0.03    6 2026-08-11  @superblankyco: POV: I'm in my "don't ask me to leave the house" era. 😂 Get your Super
                                          https://www.tiktok.com/@superblankyco/video/7672829839107280159
      6,847   0.7   0.07   41 2026-09-30  @iamsk8bordb: and it’s soooo comfy #superblanky #blanket #wearableblanket #fallvibes
                                          https://www.tiktok.com/@iamsk8bordb/video/7690120902163369229
      5,810   1.7   0.17   16 2026-09-20  @beautywithaj: Thank me later 🤣 #superblanky #wearableblanket #cozyathome #blanketwit
                                          https://www.tiktok.com/@beautywithaj/video/7686988555570236703
      4,637   2.2   0.24   30 2025-07-28  @jessicaciraulo: Just opened the Super Blanky and I’m already obsessed. It looks like a
                                          https://www.tiktok.com/@jessicaciraulo/video/7532188317413133623
      3,178   2.3   0.28   27 2026-09-06  @evenmorevmc: The Blanket That NEVER FALLS OFF ‼️ #superblanky #winter #blankets 
                                          https://www.tiktok.com/@evenmorevmc/video/7682495857610050830
      2,684   1.2   0.07   32 2026-05-25  @alsster: The best thing that’s ever happened to me is this wearable blanket 😂 T
                                          https://www.tiktok.com/@alsster/video/7643637494889696542
      2,467   2.8    0.2   54 2026-09-07  @wlbriana: Catch me snuggled up with my Super Blanky as soon as it isn’t 936482 d
                                          https://www.tiktok.com/@wlbriana/video/7682881379511667982
