  #tiktokshophome: 59 videos
  #tiktokshopkitchen: 108 videos
  #tiktokshopcleaning: 142 videos
  #tiktokshopfinds: 114 videos
  #wearableblanket: 108 videos
  #blanket: 112 videos
  #superblanky: 128 videos
  #dormessentials: 112 videos

867 videos scanned, 297 shop videos posted in the last 30.0 day(s) -> /home/user/Mymobileworld/ugc/super-blanky-v2/research/viral/viral-2026-10-05.json
Ranked by average views/day since posting (run again later with the same --state for views gained between runs).

  #   per day   views   age save%  product / creator / url
  1      1.2M    1.2M  1.0d  0.13  3-in-1 Entryway Organizer:  Rack with Coat Rack, 5-Tier [Home Supplies]
                                  @amy_abt7: #tiktokshop #organizedhome #homeorganization 
                                  https://www.tiktok.com/@amy_abt7/video/7692893580209212685
  2      1.2M   13.5M 11.2d  0.16  (product not in TikTok's data)
                                  @khalaniadelaide1: #tiktokshop #fyp #tiktokshopbacktoschool #organizer #organiz
                                  https://www.tiktok.com/@khalaniadelaide1/video/7689097197652053261
  3      836K    5.8M  6.9d  0.38  (product not in TikTok's data)
                                  @gbkunsdma7: Luces de Silueta LED de Pared para Halloween #homedecor #tik
                                  https://www.tiktok.com/@gbkunsdma7/video/7690687942716673288
  4      569K    2.3M  4.0d  0.16  TEHANLD Multifunctional Wearable Heated Blanket with Sl [Household Appliances]
                                  @neilaswgza6: Meet the coziest thing on your Christmas list 🎄🤩 This wearab
                                  https://www.tiktok.com/@neilaswgza6/video/7691232474877201695
  5      416K    5.5M 13.2d  0.18  (product not in TikTok's data)
                                  @user661392240133: MOEDOR ELÉTRICO POTENTE QUE TRITURA TUDO EM SEGUNDOS! ⚡🧅 #mo
                                  https://www.tiktok.com/@user661392240133/video/7688353773848186119
  6      385K    2.5M  6.5d   0.2  【FaddishDeal】Heavy-Duty Full Mesh Air Conditioner Cover [Home Supplies]
                                  @jhbpqfzy102: The absolute best invention for your home this fall! 🍂☕️ Pro
                                  https://www.tiktok.com/@jhbpqfzy102/video/7690856456710556942
  7      332K    972K  2.9d  0.12  3-in-1 Entryway Organizer:  Rack with Coat Rack, 5-Tier [Home Supplies]
                                  @user2988182241461: #tiktokshop #homeorganization #organizedhome 
                                  https://www.tiktok.com/@user2988182241461/video/7692176464363392270
  8      309K    2.5M  8.1d  0.51  Women’s cotton wide-leg sweatpants with an elastic draw [Womenswear & Underwear]
                                  @zcvlmnwlxk: fall coded🍂#widelegpants #falldealsforyou #drawstringwaist #
                                  https://www.tiktok.com/@zcvlmnwlxk/video/7690259549638397214
  9      256K    2.3M  9.0d  0.24  (product not in TikTok's data)
                                  @merlinepulley42: 3-in-1 winter hat,keeps your face,neck & ears toasty AF! Gra
                                  https://www.tiktok.com/@merlinepulley42/video/7689899316252626207
 10      253K    2.6M 10.3d  0.14  (product not in TikTok's data)
                                  @lznn2424glg: Tested plenty of tools, and this portable car vacuum is genu
                                  https://www.tiktok.com/@lznn2424glg/video/7689369687079144717
 11      226K    2.6M 11.5d  1.32  Women's Striped Tie Long Sleeve Blouse Shirt and Wide-L [Womenswear & Underwear]
                                  @maddiejunee: #tiktokmademebuyit #autumnoutfits #tiktokshop #autumnaesthet
                                  https://www.tiktok.com/@maddiejunee/video/7688997099278585118
 12      194K    2.3M 11.9d  0.13  【Fall Deals For You】Bedsure Weighted Faux Rabbit Fur Fl [Textiles & Soft Furnishings]
                                  @caitlinsmith_5: I’m speechless. It’s stunning 🥹 @Bedsure #weightedblanket #b
                                  https://www.tiktok.com/@caitlinsmith_5/video/7688857347162131725
 13      170K    904K  5.3d  0.36  Bottle Cleaner Brush - Chemical-Free Multi-Use Deep Cle [Home Supplies]
                                  @katter_villen08: S I didn't know my bottle was THIS dirty until used this 😭🤯😭
                                  https://www.tiktok.com/@katter_villen08/video/7691286221762383134
 14      154K    2.2M 14.3d  0.15  UWANT ZY Portable Carpet Cleaner Machine - Powerful Suc [Household Appliances]
                                  @cleaningbabeeasy: Stop scrolling… this might save you money. #CarCleaning #Hom
                                  https://www.tiktok.com/@cleaningbabeeasy/video/7687940325335141646
 15      114K    3.2M 28.0d  0.21  (product not in TikTok's data)
                                  @isismoana: Vaporera plegable de acero inoxidable: ¡se adapta a ollas de
                                  https://www.tiktok.com/@isismoana/video/7682863964954397965
 16      113K    1.6M 14.1d  0.16  Msrlassn Oversized Wearable Blanket Hoodie as Gifts for [Textiles & Soft Furnishings]
                                  @battny: 
                                  https://www.tiktok.com/@battny/video/7688028725950172429
 17      105K    1.6M 15.3d  0.28  (product not in TikTok's data)
                                  @ylluhyrpfc8ocjn: Cleaning should not be so complicated👀 This disinfection spr
                                  https://www.tiktok.com/@ylluhyrpfc8ocjn/video/7687570633441545502
 18      103K    1.2M 11.6d  0.88  Multifunctional Picture Hanger Professional Tool with L [Tools & Hardware]
                                  @camronnbrown: #tools #homeimprovement #tiktokshopstockup 
                                  https://www.tiktok.com/@camronnbrown/video/7688959189418249485
 19      101K    350K  3.5d  0.09  3-in-1 Adjustable Long Handle Floor Brush,Stiff Bristle [Home Supplies]
                                  @classyforgents: If you’ve been thinking about getting one, this is probably 
                                  https://www.tiktok.com/@classyforgents/video/7691971665194011934
 20       78K    1.1M 14.1d  0.05  JVSCAM Portable Handheld Powerful Cordless Electric Air [Household Appliances]
                                  @user4080066152796: My grandfather has been cleaning the keyboard in a difficult
                                  https://www.tiktok.com/@user4080066152796/video/7687894964189089055
