30 products for 'nasal dilator' -> ugc/mute-nasal-dilator/research/shop/shop-nasal-dilator.json  (sold = lifetime units, not recent sales)

     sold    price rating  reviews  shop / product / url
1,078,000   $25.94    4.4   92,271  BoomBoom: BoomBoom Nasal Stick: Free Your Nose | Featured on Shark Tan
                                    https://shop.tiktok.com/us/pdp/nasal-stick-by-boomboom-naturals-essential-oils-for-breathing-relief/1729408009245069576
  151,447   $64.99      4    6,455  Intake Breathing: Intake Breathing Magnetic Nasal Strip Starter Kit and 15 Day
                                    https://shop.tiktok.com/us/pdp/intake-breathing-starter-kit-15-count-extra-strength-for-peak-performance/1729534724196766508
    8,958   $23.39    3.7      490  Mute Snoring: Nasal Dilator – Starter Pack
                                    https://shop.tiktok.com/us/pdp/mute-nasal-dilator-starter-pack-reduces-snoring-3-sizes/1732240917356122930
    2,182    $7.99    4.2      106  zzsleeptape: ZZSleep Nasal Strips – (30 Strips) for Snore Prevention, Res
                                    https://shop.tiktok.com/us/pdp/nasal-strips-by-zzsleep-30-count-for-snoring-congestion-relief/1730274422428307989
      948   $28.59    4.4       63  Essence Rings: Essence Respiratory 5 Pack Bundle - Includes Peppermint, Imm
                                    https://shop.tiktok.com/us/pdp/essence-respiratory-blends-pack-5-rings-peppermint-eucalyptus-immunity/1729493318204493991
      357    $6.99    4.3       47  OKTAPE Online: Clearance Sale! OK TAPE Nasal Strips for Breathing & Snoring
                                    https://shop.tiktok.com/us/pdp/ok-tape-nasal-strips-for-snoring-congestion-relief-30pcs/1731657402438095050
      263   $17.47    4.5       28  Mute Snoring: Mute Nasal Dilator – Large
                                    https://shop.tiktok.com/us/pdp/mute-nasal-dilator-large-reduces-snoring-3-pack-up-to-10-nights-use/1732242164345508658
      250   $29.89    4.4       47  Mute Snoring: Mute Nasal Dilator – Medium
                                    https://shop.tiktok.com/us/pdp/mute-nasal-dilator-medium-reduces-snoring-3-pack-up-to-10-nights-use/1732242160871183154
      229    $12.4    4.3       20  Enhance Mate: 50 pcs Reusable Sports Nose Strips for Breathing Breathable 
                                    https://shop.tiktok.com/us/pdp/reusable-sports-nose-strips-50pcs-breathable-comfort-anti-snoring-for-men-women/1731181713816589226
      223   $77.99    3.9        8  Intake Breathing: Intake Breathing Nasal Strip Starter Kit (15 Ct) with Travel
                                    https://shop.tiktok.com/us/pdp/intake-nasal-dilator-system-magnetic-relief-band-portable-safe/1731992253305885484
      118   $19.99    4.6       11  InstantCare: Nasal Strips for Breathing & Snoring | Starter Kit | Reusabl
                                    https://shop.tiktok.com/us/pdp/nasal-strips-for-breathing-snoring-reusable-stronger-lift/1732479124850643503
       91   $19.49      4        5  Inhale: Inhale Premium Nasal Strips for Snoring & Better Breathing, 
                                    https://shop.tiktok.com/us/pdp/inhale-nasal-strips-for-snoring-breathing-60-count/1732328791291564149
       82   $15.99    4.4        8  Mute Snoring: Turbine Nasal Dilator – Starter Pack
                                    https://shop.tiktok.com/us/pdp/turbine-nasal-dilator-starter-pack-comfortable-fit-reusable/1732242159676134194
       80    $4.29    1.3        3  BoMing Co., Ltd: 1 PC Nasal Dilator 4pcs+ Nose Strips 120pcs Helps Improve Sl
                                    https://shop.tiktok.com/us/pdp/nasal-dilator-nose-strips-set-reduce-snoring-sweatproof/1732609496757277138
       74    $9.99      1        1  Yeomoo: Yeomoo Unisex Lightweight Nasal Filters & Dilators, Daily Al
                                    https://shop.tiktok.com/us/pdp/nasal-filters-dilators-by-yeomoo-drug-free-invisible-latex-free/1732529548480516340
       55    $3.52               0  Sparkling for Daily: Intake Breathing — Magnetic Nasal Strips Starter Kit | Reusa
                                    https://shop.tiktok.com/us/pdp/magnetic-nasal-strips-starter-kit-for-sleep-sports/1732609465639015208
       26    $13.6      1        2  Mujanie US: New Magic Tape Anti-Snoring Nasal Clip - Nose Tape Breath Ai
                                    https://shop.tiktok.com/us/pdp/new-magic-tape-nasal-clip-sleep-aid-comfortable-snoring-patch/1732202815918478310
       15   $29.99      5        6  Wishful Life: Adjustable Nasal Dilator Kit | Nasal Strips for Breathing & 
                                    https://shop.tiktok.com/us/pdp/nasal-strips-for-sleep-sports-breathe-better-anytime/1729512036792440453
       11    $2.78               0  Daily Care Hub: Breathing Nasal Strip Starter Kit, 15 Day Supply, Extra Stre
                                    https://shop.tiktok.com/us/pdp/1732681548330603027
       11   $12.99      1        1  GlowDerm Studio: Rechargeable Silicone Plug Anti-Snoring Device - Lightweight
                                    https://shop.tiktok.com/us/pdp/rechargeable-silicone-anti-snoring-device-usb-powered/1732542765900337238
No products returned for 'snoring' (no results, or TikTok served a captcha).
