--days 90: kept 42 of 148 videos posted since 2026-07-10
42 videos -> ugc/mute-nasal-dilator/research/tag/tag-nasaldilator.json

      views  eng%  save%  dur     posted  author / caption / url
  2,200,000   0.6   0.04   16 2026-08-27  @joybreath.sleepbetter: INSTANTLY stops snoring #snoring #sleeping #breathe #fyp #apnea 
                                          https://www.tiktok.com/@joybreath.sleepbetter/video/7678278344818871565
  1,000,000   7.4   1.57  102 2026-09-09  @truthdds: You can't nose breathe at night and just want to sleep? Here's what's 
                                          https://www.tiktok.com/@truthdds/video/7683635720845528334
    427,000   1.6   0.39   40 2026-08-12  @thebrainmaze: Restoring Airflow Through the Nose - Chronic turbinate enlargement can
                                          https://www.tiktok.com/@thebrainmaze/video/7673161988867902741
    339,000   1.1   0.11   16 2026-08-28  @joybreath.sleep: This nasal strips finally fixed my husband's snoring!#breathe #sleep #
                                          https://www.tiktok.com/@joybreath.sleep/video/7678931215998618894
    111,200   0.2   0.03   11 2026-10-03  @everease.pk: Breathe a little easier, day and night 🤍 Magnetic Nasal Dilator Kit fo
                                          https://www.tiktok.com/@everease.pk/video/7692527373308235029
     91,200   9.5   1.82  596 2026-09-01  @babs_zone: Replying to @babs_zone this one goes out to the girlies tryna BREATHE 
                                          https://www.tiktok.com/@babs_zone/video/7680374742070611214
     83,500   1.5   0.27   21 2026-07-22  @phoneflower: This little nasal inhaler goes everywhere with me now 😳🔥#inhaler #noni
                                          https://www.tiktok.com/@phoneflower/video/7665159026006674701
     83,100   1.4   0.28   19 2026-07-22  @ice_cream0719: Refresh your breathing like this 👊🏻💨 and get this healthy pick for you
                                          https://www.tiktok.com/@ice_cream0719/video/7665159214553124110
     53,700   0.8   0.13   16 2026-08-04  @joybreath.sleepbetter: When mouth tape doesn’t stop the snoring…#snoring #nasal #sleep #breat
                                          https://www.tiktok.com/@joybreath.sleepbetter/video/7669999829719747853
     53,300   1.7   0.37   10 2026-09-16  @happy.breathing: Being able to blow their nose doesn’t always mean they’re actually get
                                          https://www.tiktok.com/@happy.breathing/video/7685036036342172941
     30,900   1.1   0.08    6 2026-08-18  @joybreath.sleepbetter: This nasal dilator can fully open my nose#fyp #breathe #nasal #snoring
                                          https://www.tiktok.com/@joybreath.sleepbetter/video/7675177322638626062
     30,200   0.3   0.08   39 2026-10-02  @thehelpmom: Because breathing is important, especially if your septum is deviated.
                                          https://www.tiktok.com/@thehelpmom/video/7692217396706184479
     28,100   0.4   0.05   30 2026-09-09  @joybreath.sleepbetter: I found this nasal dilator… and for the first time in forever, our bed
                                          https://www.tiktok.com/@joybreath.sleepbetter/video/7683352019360402702
     26,500   3.1   0.32   20 2026-08-10  @joybreath.sleepbetter: Help me decide which one I should choose#fyp #nasal #mouthtape #breath
                                          https://www.tiktok.com/@joybreath.sleepbetter/video/7672207633947921677
     25,300   5.8    2.4   13 2026-08-02  @lilostudiosng: If you've ever spent the entire night breathing through your mouth bec
                                          https://www.tiktok.com/@lilostudiosng/video/7669508536270998802
--days 60: kept 50 of 143 videos posted since 2026-08-09
50 videos -> ugc/mute-nasal-dilator/research/tag/tag-snoring.json

      views  eng%  save%  dur     posted  author / caption / url
 14,000,000  12.7   0.54  108 2026-09-22  @fesazuo.hunbon: I thought there was construction outside…It was just them snoring 😴 😅#
                                          https://www.tiktok.com/@fesazuo.hunbon/video/7688187901267414303
  7,000,000   6.0   0.33   61 2026-08-14  @dr..healthcare1: Why Does This Child Snore So Much?
                                          https://www.tiktok.com/@dr..healthcare1/video/7674007155262999830
  2,200,000   0.6   0.04   16 2026-08-27  @joybreath.sleepbetter: INSTANTLY stops snoring #snoring #sleeping #breathe #fyp #apnea 
                                          https://www.tiktok.com/@joybreath.sleepbetter/video/7678278344818871565
  1,800,000   1.8   0.23    7 2026-09-14  @snoroff68: After 20 years together, you learn to love a lot of things… even the s
                                          https://www.tiktok.com/@snoroff68/video/7685494112837012766
    304,300   7.4    0.4   47 2026-08-31  @ran_edit2: #thekalogerasister #kalogerasisters #annoying #blowup 
                                          https://www.tiktok.com/@ran_edit2/video/7680181226463874336
    238,500  16.2   0.49   14 2026-09-12  @iampaigeatie: actually what’s worse than this is people who religiously sniffle just
                                          https://www.tiktok.com/@iampaigeatie/video/7684757702974754070
    184,200   5.3   0.71  118 2026-09-11  @drnighatarif: Sleeping next to a snorer? That noise could be stealing your memory, m
                                          https://www.tiktok.com/@drnighatarif/video/7684365213772057878
    182,600  13.2   0.22   16 2026-09-07  @mananamariee: This is on a quiet night btw sos #snore #snoring 
                                          https://www.tiktok.com/@mananamariee/video/7682624965916511501
    147,600   5.0   0.34   74 2026-09-06  @juliesbeautybydesign: She snores everytime I do her lashes 🙄#snoring #drama #client #eyelash
                                          https://www.tiktok.com/@juliesbeautybydesign/video/7682527154051026189
    132,900   1.0   0.16   10 2026-09-17  @vanexiastore: “I ordered this thinking it was probably a scam… but honestly, I wasn’
                                          https://www.tiktok.com/@vanexiastore/video/7686305662032153889
     95,800   8.4   1.04   92 2026-09-02  @dreamchaser0938: People’s strange snoring #funny #fyp #prank #sleep #happy 
                                          https://www.tiktok.com/@dreamchaser0938/video/7680884198088953119
     84,400  24.4   1.67   29 2026-10-01  @mintyspears: Why did the snoring get louder- @Axel Cabrera #fyp #axelcabrera #viral
                                          https://www.tiktok.com/@mintyspears/video/7691485097425472782
     56,500   3.2   0.89   37 2026-09-09  @lexi..magnusson: and that’s on sleep apnea 
                                          https://www.tiktok.com/@lexi..magnusson/video/7683334535072861453
     29,900   1.4   0.14    9 2026-09-20  @snoroff68: I knew she snored… but I didn’t realize it was THIS loud. 😂 After too 
                                          https://www.tiktok.com/@snoroff68/video/7687408138546433310
     29,400   1.3    0.5   17 2026-08-14  @traveltwogether2: Another day, another snore @Christina ✨ @Jenny172230 #travel #sisters 
                                          https://www.tiktok.com/@traveltwogether2/video/7673821345393724686
--days 60: kept 25 of 135 videos posted since 2026-08-09
25 videos -> ugc/mute-nasal-dilator/research/tag/tag-mouthtape.json

      views  eng%  save%  dur     posted  author / caption / url
    626,100   0.6   0.05    8 2026-09-17  @franconiramirez: #ascend #mouthtape #sleep 
                                          https://www.tiktok.com/@franconiramirez/video/7686357012036291871
    177,000   0.4   0.05   14 2026-09-26  @rjb51986: Don’t miss out on this… #creatorsearchinsights #mouthtape #bettersleep
                                          https://www.tiktok.com/@rjb51986/video/7689850317994855694
     78,000   5.5   1.35   70 2026-10-05  @sulimary_rivera: Dollar Tree ✅ #dollartree #dollartreefinds #dollartreenewfinds #sleepm
                                          https://www.tiktok.com/@sulimary_rivera/video/7693302820178595086
     27,700   0.2   0.01   23 2026-09-17  @marthaisley.ugc: beauty sleep at its prime #mouthtapesleeping #mouthtape #deepsleep 
                                          https://www.tiktok.com/@marthaisley.ugc/video/7686546997104348429
     13,600  10.8   0.38   24 2026-10-04  @tailwaggintitans: No more waking up with dry mouth🙃 #gurunanda #mouthtape #nightroutine 
                                          https://www.tiktok.com/@tailwaggintitans/video/7692895650299661581
      5,656   0.3   0.04   13 2026-09-08  @mottulich: Do yourself a favor 😴 #mouthtape #mouthtapesleeping #fatigue #bettersl
                                          https://www.tiktok.com/@mottulich/video/7683202184875379982
      5,120   0.2      0   11 2026-09-30  @zzztape: One tiny strip. One simple bedtime habit. 😴✨ Mouth taping can help enc
                                          https://www.tiktok.com/@zzztape/video/7691283008539626765
      3,408   2.4   0.85   13 2026-08-23  @michimoon0307: @ChillxCherry and I just having our banter somewhat filtered you can s
                                          https://www.tiktok.com/@michimoon0307/video/7677087787157409037
      3,320   1.0   0.21   48 2026-09-22  @hostagemouthtape: a good day la throwback, when the anchors put hostage tape on camera a
                                          https://www.tiktok.com/@hostagemouthtape/video/7688410011759922463
      2,770   5.5   0.43   43 2026-09-19  @sophrrichards: Replying to @KT 🌸🎀💓💐 An update on the Sleepy Girl Era mouth tape 👄 💖 @
                                          https://www.tiktok.com/@sophrrichards/video/7687281631635229974
      2,665   9.2   0.19   17 2026-09-18  @z.ebb: Try it out
                                          https://www.tiktok.com/@z.ebb/video/7686751187042962701
      2,607   7.6    1.8   21 2026-09-29  @shh.dont.tell..pls: This is normal for us atp #fyp #dance #talking 
                                          https://www.tiktok.com/@shh.dont.tell..pls/video/7691108479276272909
      2,099   2.1   0.57   77 2026-09-15  @thebiohackingrn: Mouth tape for better sleep support #mouthtapesleeping #mouthtape #mou
                                          https://www.tiktok.com/@thebiohackingrn/video/7685545847848799502
      1,688   2.2   0.12   66 2026-09-29  @carolinamoralest: 💋Duerme mejor y despierta con unos labios hermosos, suaves e hidratado
                                          https://www.tiktok.com/@carolinamoralest/video/7690762181616356621
      1,287   4.7   0.08   22 2026-08-13  @gagislayer: help me😞💔#mouthtape #lm #fyp #bp #niche
                                          https://www.tiktok.com/@gagislayer/video/7673342269272886542
