  #tiktokshopbeauty: 114 videos
  #tiktokshopskincare: 142 videos
  #tiktokshopmakeup: 117 videos
  #tiktokshopfinds: 109 videos
  #nasaldilator: 110 videos
  #snoring: 141 videos
  #sleephack: 134 videos
  #snoringsolution: 102 videos
  #sleeptok: 141 videos

1057 videos scanned, 160 shop videos posted in the last 30.0 day(s) -> ugc/mute-nasal-dilator/research/viral/viral-2026-10-08.json
Ranked by average views/day since posting (run again later with the same --state for views gained between runs).

  #   per day   views   age save%  product / creator / url
  1      1.1M    1.9M  1.7d  0.16  Sink Organizer Rack,Hanging Faucet Drain Rack with Drip [Home Supplies]
                                  @sprowgoudie9678: #fyp #tiktok #tiktokshop #tiktokmademebuyit 
                                  https://www.tiktok.com/@sprowgoudie9678/video/7693467720653737246
  2      345K    2.5M  7.2d  0.47  Hard Bottom Backseat Extenders for Dogs with Door Prote [Pet Supplies]
                                  @tiktokshopdeals4you: This is definitely worth the money! #fyp #tiktokshop #ruffli
                                  https://www.tiktok.com/@tiktokshopdeals4you/video/7691417627519913246
  3      328K    720K  2.2d  0.44  Cider Napoleonic Core Plaid Asymmetrical Neck Ruched Sh [Womenswear & Underwear]
                                  @marynicole__: SO SO CUTE @CiderCloset #tiktokshopfalldealsforyou #tiktoksh
                                  https://www.tiktok.com/@marynicole__/video/7693294163588041997
  4      319K    2.2M  6.9d  0.54  e.l.f. Glow Reviver Lip Oil Stick, Nourishing Lip Oil S [Beauty & Personal Care]
                                  @maehni: so pretty!! im obsessed <3 elf shimmer lip oil stick dry thi
                                  https://www.tiktok.com/@maehni/video/7691545926241946910
  5      310K    1.9M  6.1d  0.13  MAC Cool-Toned Nude Lip Trio – Sculpt, Define & Plump S [Beauty & Personal Care]
                                  @morganliving: The most GORG cool-toned n00d combo😍 @M.A.C Cosmetics Store 
                                  https://www.tiktok.com/@morganliving/video/7691835544237591821
  6      251K    2.6M 10.4d  0.51  Women’s cotton wide-leg sweatpants with an elastic draw [Womenswear & Underwear]
                                  @zcvlmnwlxk: fall coded🍂#widelegpants #falldealsforyou #drawstringwaist #
                                  https://www.tiktok.com/@zcvlmnwlxk/video/7690259549638397214
  7      204K    2.3M 11.3d  0.24  (product not in TikTok's data)
                                  @merlinepulley42: 3-in-1 winter hat,keeps your face,neck & ears toasty AF! Gra
                                  https://www.tiktok.com/@merlinepulley42/video/7689899316252626207
  8      196K    2.7M 13.8d   1.3  Women's Striped Tie Long Sleeve Blouse Shirt and Wide-L [Womenswear & Underwear]
                                  @maddiejunee: #tiktokmademebuyit #autumnoutfits #tiktokshop #autumnaesthet
                                  https://www.tiktok.com/@maddiejunee/video/7688997099278585118
  9      178K    1.1M  6.2d  0.22  LUCKMEEY Low Back Bra for Women C–F Cups, Deep V Mesh W [Womenswear & Underwear]
                                  @angie.mmyers: Finally a comfortable backless bra that is so comfortable an
                                  https://www.tiktok.com/@angie.mmyers/video/7691817298197318942
 10      133K    614K  4.6d  0.12  Women's Elegant Striped Knit Sweater - Cozy Loose Overs [Sports & Outdoor]
                                  @pfxkaptu1xa: #fashion#spotlightfinds#fyp#tiktokshop#ootd
                                  https://www.tiktok.com/@pfxkaptu1xa/video/7692402306935049486
 11       85K    1.4M 16.4d  0.21  MAC Lustreglass Nudes Trio | Sheer-Shine Lipstick Set | [Beauty & Personal Care]
                                  @morganliving: My favvv lipstick formula EVER & these shades are SO good🤌🏼 
                                  https://www.tiktok.com/@morganliving/video/7688011999812373774
 12       65K    363K  5.6d  0.09  (product not in TikTok's data)
                                  @nimya: Our bestselling setting spray is now back in stock! 💙💦 Makeu
                                  https://www.tiktok.com/@nimya/video/7692021525641268513
 13       64K    958K 14.9d  0.53  (product not in TikTok's data)
                                  @staringaj: My all time favorite fire pit #fyp #firepit #cozyvibes #back
                                  https://www.tiktok.com/@staringaj/video/7688568877822872862
 14       63K    1.7M 27.0d  0.06  Adjustable Nasal Dilator Kit | Nasal Strips for Breathi [Health]
                                  @joybreath.sleepbetter: This thing seriously works#nosestrips #snoringhusband #snore
                                  https://www.tiktok.com/@joybreath.sleepbetter/video/7684084957102263566
 15       59K    396K  6.7d  0.13  Disposable Stove Burner Protector, 10pcs Aluminum Foil  [Sports & Outdoor]
                                  @krsto.douse: #tiktok #tiktokshop #tiktokmademebuyit #tiktokshopblackfrida
                                  https://www.tiktok.com/@krsto.douse/video/7691629379142683935
 16       54K    1.4M 25.8d  0.12  6.56-inch smartphone, 5MP + 13MP cameras, 4GB RAM + 32G [Phones & Electronics]
                                  @ginaaaa900: Under $100!! Smartphone from TikTokShop, that has Tiktok App
                                  https://www.tiktok.com/@ginaaaa900/video/7684553076346293518
 17       48K    258K  5.3d  0.36  Painted Highlighter - luminous, radiant powder shimmer  [Beauty & Personal Care]
                                  @painted: 🩷👑 Queen Mikayla approving our new Painted Highlighters 😍✨ S
                                  https://www.tiktok.com/@painted/video/7691826112430722317
 18       41K    539K 13.0d  1.46  Major Dimension Essential Artistry Edit Eyeshadow Palet [Beauty & Personal Care]
                                  @officialkatjames: As we get older, we often give up on makeup, but that’s actu
                                  https://www.tiktok.com/@officialkatjames/video/7689268506189155598
 19       39K    325K  8.4d  0.18  6PCS 3+ Years Finger Shape Plastic Retractable Pointer  [Toys & Hobbies]
                                  @thatgirlyisabrat: #TikTokShop #GadgetFinds #TechTok #CoolFinds #TikTokMadeMeBu
                                  https://www.tiktok.com/@thatgirlyisabrat/video/7690990932832931086
 20       36K    1.0M 27.6d  0.37  Women's Elegant Chic High-Waist Wide-Leg Pants, Casual  [Womenswear & Underwear]
                                  @scarlett.fashion3: #fashion #spotlightfinds #usa #dealsforyoudays #tiktokshop 
                                  https://www.tiktok.com/@scarlett.fashion3/video/7683860661327105293
