30 products for 'cleansing balm' -> research/shop/shop-cleansing-balm.json  (sold = lifetime units, not recent sales)

     sold    price rating  reviews  shop / product / url
   11,632      $21    4.7    1,267  BANILA CO GLOBAL: BANILA CO Clean It Zero Cleansing Balm 100ML & 180ML | Makeu
                                    https://shop.tiktok.com/us/pdp/cleansing-balm-original-by-banila-co-3-in-1-makeup-remover-hydrator/1729412987887850074
    7,504   $19.49      4      730  CeraVe: CeraVe Make-Up Melter | Waterproof Makeup Remover | Deep Cle
                                    https://shop.tiktok.com/us/pdp/cerave-make-up-melter-waterproof-makeup-remover-4-oz/1732376551433211941
    6,298    $12.5    4.9      463  e.l.f. Cosmetics: e.l.f. Holy Hydration! Makeup Melting Cleansing Balm for All
                                    https://shop.tiktok.com/us/pdp/cleansing-balm-by-e-l-f-cosmetics-makeup-remover-for-all-skin-types/1729384067669856547
    3,307   $25.15    4.8      438  Remedy Science: REMEDY Derm Dissolve Cleansing Balm for Pre-Cleansing - Melt
                                    https://shop.tiktok.com/us/pdp/derm-dissolve-cleansing-balm-lipid-rich-ceramide-rich/1731862844948779990
    2,944     $9.1    4.8      344  TIRTIR Inc.: [TIRTIR Official] Hydro Boost Enzyme Cleansing Balm 9ml/50ml
                                    https://shop.tiktok.com/us/pdp/hydro-boost-enzyme-cleansing-balm-by-tirtir-deep-hydration-exfoliation/1729595770480792154
    2,428      $14    4.5      736  NYX Professional Makeup: The Face Unglue Makeup Remover Cleansing Balm with Shea Butt
                                    https://shop.tiktok.com/us/pdp/nyx-professional-makeup-unsglue-makeup-remover-balm/1729488743040980296
    2,214    $26.1    4.9      254  Beauty of Joseon: [Beauty of Joseon Official] Radiance Cleansing Balm 100mL | 
                                    https://shop.tiktok.com/us/pdp/radiance-cleansing-balm-100ml-by-beauty-of-joseon-hydrating-formula/1729566277042934193
    1,568   $18.78    4.7      106  VIYANTBEAUTY: Cleansing Balm Makeup Melting Remover - For All Skin Types
                                    https://shop.tiktok.com/us/pdp/cleansing-balm-gentle-makeup-remover-by-brand-for-all-skin-types/1730157042844013296
    1,249   $31.99    4.8      134  BANILA CO GLOBAL: BANILA CO Clean it Zero Best of Balms Trio | Cleansing Balm 
                                    https://shop.tiktok.com/us/pdp/cleansing-balm-set-by-banila-co-clean-it-zero-best-of-balms-trio/1729418482379035226
      723      $20    4.3      342  The INKEY List: [NEW] The INKEY List Oat Cleansing Balm | Properly Removes M
                                    https://shop.tiktok.com/us/pdp/oat-cleansing-balm-by-the-inkey-list-for-sensitive-skin-150ml/1729470265645240882
      714      $32    4.7       59  The Face Shop US: [THE FACE SHOP] Rice Water Bright Melting Cleansing Balm l G
                                    https://shop.tiktok.com/us/pdp/cleansing-balm-for-dry-skin-exfoliates-hydrates-4-in-1-makeup-remover/1731144558868992288
      646    $27.5    4.9       35  Prequel: Pre-Gleanse Cleansing Balm - Balm Cleanser For The First Cle
                                    https://shop.tiktok.com/us/pdp/pre-gleanse-cleansing-balm-gentle-makeup-remover-oil-control/1732455897441735134
      628    $70.2    4.7       58  QVC, Inc: ELEMIS Pro-Collagen Green Fig Cleansing Balm w/Discovery Set
                                    https://shop.tiktok.com/us/pdp/elemis-pro-collagen-green-fig-cleansing-balm-nourishing-hydrating/1732179830680687559
      627      $30    4.8       83  mixsoon: [mixsoon Official Shop] Collagen Cleansing Balm 1.69 fl.oz /
                                    https://shop.tiktok.com/us/pdp/collagen-cleansing-balm-50ml-by-mixsoon-korean-skincare-for-glass-skin/1730969337179968296
      593    $38.7    4.7       47  Dr.Althea US: [Dr.Althea Official] Pure Grinding Cleansing Balm - Hygienic
                                    https://shop.tiktok.com/us/pdp/pure-cleansing-balm-by-dr-althea-vegan-skincare-for-all-skins/1731454341404660634
      394     $6.3    4.5      101  The INKEY List: [NEW] The INKEY List Travel-Sized Oat Cleansing Balm | Prope
                                    https://shop.tiktok.com/us/pdp/mini-oat-cleansing-balm-by-the-inkey-list-for-sensitive-skin-50ml/1729677380985262642
      367      $29    4.7       76  DermaClear Lab: DermaClear Lab Gentle Cleansing Balm, Alcohol-Free Face Make
                                    https://shop.tiktok.com/us/pdp/dermaclear-lab-all-in-one-gentle-cleansing-balm-makeup-remover/1732267858583392656
      301   $30.99      5       46  BANILA CO GLOBAL: BANILA CO Barrier Boosting Duo | Clean it Zero Enriching But
                                    https://shop.tiktok.com/us/pdp/banila-co-barrier-boosting-duo-cleansing-balm-set-untuk-kulit-sehat/1731489267790877274
      251    $23.4    4.9       26  Farmacy Beauty: Farmacy Beauty Green Clean Cleansing Balm - Plant-Based Gent
                                    https://shop.tiktok.com/us/pdp/cleansing-balm-farmacy-green-clean-100-ml-gentle-makeup-remover/1730889384239730990
      240      $65    4.7      105  The Estée Lauder Store: [Estée Lauder] Advanced Night Cleansing Balm Cleanser with L
                                    https://shop.tiktok.com/us/pdp/cleansing-balm-estee-lauder-advanced-night-with-lipid-rich-oil-infusion/1729402339877557229
