30 products for 'makeup remover' -> research/shop/shop-makeup-remover.json  (sold = lifetime units, not recent sales)

     sold    price rating  reviews  shop / product / url
   28,188   $25.94    4.7    2,471  SKIN1004 US: [SKIN1004 Official Shop] Centella Light Cleansing Oil 6.76 f
                                    https://shop.tiktok.com/us/pdp/madagascar-centella-light-cleansing-oil-by-skin1004-200ml-makeup-remover/1729398279515836866
   15,551      $22    4.9    1,321  Dr.Melaxin: [Dr.Melaxin Official] Melting Cleanse Hypoallergenic Makeup 
                                    https://shop.tiktok.com/us/pdp/melting-cleanse-by-dr-melaxin-150ml-hypoallergenic-makeup-remover/1730145456293515291
   13,363   $39.99    4.8    1,225  Cistto official: Cistto Mini Makeup Remover,Waterproof Makeup Remover Oil, No
                                    https://shop.tiktok.com/us/pdp/makeup-remover-oil-by-cistto-natural-cleansing-for-sensitive-skin/1729921990771839124
   12,046   $30.76    4.8    1,087  Neutrogena: Neutrogena Cleansing Fragrance Free Makeup Remover Face Wipe
                                    https://shop.tiktok.com/us/pdp/makeup-remover-wipes-by-neutrogena-25-count-fragrance-free-cleansing-towelettes/1730588943670809180
   11,632      $21    4.7    1,267  BANILA CO GLOBAL: BANILA CO Clean It Zero Cleansing Balm 100ML & 180ML | Makeu
                                    https://shop.tiktok.com/us/pdp/cleansing-balm-original-by-banila-co-3-in-1-makeup-remover-hydrator/1729412987887850074
    7,504   $19.49      4      730  CeraVe: CeraVe Make-Up Melter | Waterproof Makeup Remover | Deep Cle
                                    https://shop.tiktok.com/us/pdp/cerave-make-up-melter-waterproof-makeup-remover-4-oz/1732376551433211941
    6,769    $6.75    4.5      538  Eyelashesbeauty: Hydrating Makeup Remover Oil, 40pcs/box, Micellar Light Oil,
                                    https://shop.tiktok.com/us/pdp/makeup-remover-oil-by-zvev-40pcs-gentle-deep-cleansing-oil/1730458442380841220
    6,298    $12.5    4.9      463  e.l.f. Cosmetics: e.l.f. Holy Hydration! Makeup Melting Cleansing Balm for All
                                    https://shop.tiktok.com/us/pdp/cleansing-balm-by-e-l-f-cosmetics-makeup-remover-for-all-skin-types/1729384067669856547
    3,103   $15.58    4.7      288  Neutrogena: Neutrogena Cleansing Fragrance Free Makeup Remover Face Wipe
                                    https://shop.tiktok.com/us/pdp/makeup-remover-wipes-by-neutrogena-25-count-cleansing-towelettes/1729448473060479580
    2,595    $14.5    4.8      271  e.l.f. Cosmetics: e.l.f. Holy Hydration! E.L.F. Off Makeup Remover – Makeup Re
                                    https://shop.tiktok.com/us/pdp/makeup-remover-e-l-f-holy-hydration-bi-phase-liquid-4-3-fl-oz/1729385842392076579
    1,583   $11.98    4.9      192  Click PFA: 2 PACK Make up Remover Cleansing Wipes
                                    https://shop.tiktok.com/us/pdp/1732511756996809572
    1,568   $18.78    4.7      106  VIYANTBEAUTY: Cleansing Balm Makeup Melting Remover - For All Skin Types
                                    https://shop.tiktok.com/us/pdp/cleansing-balm-gentle-makeup-remover-by-brand-for-all-skin-types/1730157042844013296
    1,068    $20.8    4.8      112  The Face Shop US: [THE FACE SHOP] Rice Water Bright Light Facial Cleansing Oil
                                    https://shop.tiktok.com/us/pdp/cleansing-oil-the-face-shop-rice-water-bright-vegan-jojoba-skin-care/1729470948318220576
      773   $26.98      5       52  BIODERMA USA: Bioderma Sensibio H2O Micellar Water Makeup Remover Cleanser
                                    https://shop.tiktok.com/us/pdp/micellar-water-by-bioderma-gentle-cleanser-for-sensitive-skin/1731124769558008713
      564   $17.49    4.7       44  Unineed US: Haruharu Wonder Black Rice Moisture Deep Cleansing Oil, 5.27
                                    https://shop.tiktok.com/us/pdp/cleansing-oil-haruharu-wonder-black-rice-moisture-5-27oz-makeup-remover/1729487787541696945
      512   $23.99    4.9       73  Plouise USA: P.Louise Just a Swipe Micellar Water
                                    https://shop.tiktok.com/us/pdp/p-louise-just-a-swipe-micellar-water-gentle-effective/1731810962366959844
      505    $22.5    4.8       30  manyo: [manyo] Pure Cleansing Oil, Natural Oil Cleanser for Face, M
                                    https://shop.tiktok.com/us/pdp/pure-cleansing-oil-natural-oil-cleanser-makeup-pore-cleaner/1729492866938672458
      405      $30      5       34  MakeUp Eraser: MakeUp Eraser Squad Ghouls 7-Day Set - Erase Makeup with JUS
                                    https://shop.tiktok.com/us/pdp/makeup-eraser-squad-ghouls-7-day-set-with-smarterase-technology/1729700524160488260
      367      $29    4.7       76  DermaClear Lab: DermaClear Lab Gentle Cleansing Balm, Alcohol-Free Face Make
                                    https://shop.tiktok.com/us/pdp/dermaclear-lab-all-in-one-gentle-cleansing-balm-makeup-remover/1732267858583392656
      263     $200    4.7       83  Clean Skin Club: Clean Makeup Wipes Blemish Control 25ct: Refreshing, Non-Irr
                                    https://shop.tiktok.com/us/pdp/clean-makeup-wipes-blemish-control-25ct-non-irritating/1732434944280138749
