--days 30: kept 21 of 87 videos posted since 2026-09-05
21 videos -> research/tag_makeupremover/tag-makeupremover.json

      views  eng%  save%  dur     posted  author / caption / url
  3,400,000   6.6   0.14   87 2026-09-11  @alixearle: Actually fav part of my night. Get bare balm from @reale actives 
                                          https://www.tiktok.com/@alixearle/video/7684328741979442463
  2,400,000   8.9   0.45  211 2026-09-16  @smccoo8: #pov #fyp #jayllnnandcardo #realjayllnn #funny
                                          https://www.tiktok.com/@smccoo8/video/7686145773406342430
    524,900   4.7   0.28  176 2026-09-30  @miharu_ni05: Makeup removal!!👩🏻‍🦲✨#skincareroutine #skincare #makeupremoval #kbeaut
                                          https://www.tiktok.com/@miharu_ni05/video/7691383271124421919
    506,600   3.0   0.13   17 2026-09-13  @bbgorgg: Never sleep with makeup on! #acneroutine #makeupremoval #nightimerouti
                                          https://www.tiktok.com/@bbgorgg/video/7684938339698347295
    361,900   6.3   0.04  108 2026-10-03  @kylienicoletuttle_: Seeing it @reale actives will take off my Halloween makeup 👀👻 #realeac
                                          https://www.tiktok.com/@kylienicoletuttle_/video/7692548962527628558
    319,300  13.8   0.52 1464 2026-09-27  @miharu_ni: Let's take off our makeup and feed my loves.😗🐕 #makeupremoval #skincar
                                          https://www.tiktok.com/@miharu_ni/video/7690001905262660894
    234,000   2.3    0.1   86 2026-09-10  @itzjustbelmua: Peel off my makeup with me👀😯 #takeoffmymakeup #makeupremoval #sfxremov
                                          https://www.tiktok.com/@itzjustbelmua/video/7683712166888787213
    163,600   4.1   0.54 1038 2026-09-20  @zdzoviwhwds: Take off my makeup with me! 🫧 Products: @Mehron Makeup @Garnier @Face 
                                          https://www.tiktok.com/@zdzoviwhwds/video/7687499027084086559
    143,400   9.9   0.66  198 2026-09-20  @atarahmayhew: Take Off My Makeup With Me! 🫧 Cleanser- @Pixi Beauty , Micellar- @Mehr
                                          https://www.tiktok.com/@atarahmayhew/video/7687583426358267139
     25,600   5.9   1.18   92 2026-09-05  @skinwithhav: PLSSSS you’ll thank me later 🙏 @Prequel @Remedy Science @Versed Skin @
                                          https://www.tiktok.com/@skinwithhav/video/7681859694301842719
     25,200   6.1   0.24   51 2026-10-03  @emilytembymakeup: Halloween makeup removal🤡🫧 @ELEMIS Pro-Collagen Naked Cleansing Balm🤍 
                                          https://www.tiktok.com/@emilytembymakeup/video/7692488644929555734
      3,021   2.6    0.2   45 2026-09-12  @alysiamagen: Best makeup remover wipes! #travel #makeuptutorial #makeupremoval #mak
                                          https://www.tiktok.com/@alysiamagen/video/7684506369344408862
      1,087  10.3   0.64   37 2026-09-30  @beautybysiham: #MakeUpEraser #MakeupRemoval #MakeupRemover #BeautyFinds #TikTokShopFi
                                          https://www.tiktok.com/@beautybysiham/video/7691211887324794126
        924   8.1   0.32   68 2026-09-28  @dynastimonet2: So glad that Iv’e found this product i’m so excited to have a quicker 
                                          https://www.tiktok.com/@dynastimonet2/video/7690712465851682061
        767   2.2   0.26   23 2026-09-08  @sdxljg: She was really about to sleep with all that makeup on… so I had to int
                                          https://www.tiktok.com/@sdxljg/video/7683097294777945374
