--days 60: kept 36 of 87 videos posted since 2026-08-06
36 videos -> research/tag_elasco/tag-elasco.json

      views  eng%  save%  dur     posted  author / caption / url
  1,400,000  18.4   1.73    8 2026-09-19  @melinachvz: Imposible disimular 
                                          https://www.tiktok.com/@melinachvz/video/7687091399610731784
    665,600  18.5   0.53   64 2026-09-20  @christiantyesports: Manchester United vs Spurs… El Sackico 🚨 #manchesterunited #tottenhamh
                                          https://www.tiktok.com/@christiantyesports/video/7687686107953220886
    186,800   7.5   1.32 1025 2026-08-31  @serch.987: #gafes#militares#fuerzasespecialesdeméxico #
                                          https://www.tiktok.com/@serch.987/video/7680058982232280341
     39,300  26.3   1.51   13 2026-08-31  @z71.gerardo: 24s look small #dropped5thgens #5thgensilverado #droppedtrucks #eskowh
                                          https://www.tiktok.com/@z71.gerardo/video/7680289003731504415
     38,500   3.5   0.57   63 2026-08-06  @old.school.gangsters: The Story Of Heriberto Lazcano Or “El Lazca” #crime #crimestory #carte
                                          https://www.tiktok.com/@old.school.gangsters/video/7670964402610375958
     23,900  12.2   0.48   96 2026-08-27  @angierodrriguez: We just all to nice #elcosoccer #soccertiktok #fyp #viral 
                                          https://www.tiktok.com/@angierodrriguez/video/7678503221073169678
     23,500  10.8   0.47   49 2026-10-05  @orslokx: NUEVA SMASH BURGUER JUST DROPPED
                                          https://www.tiktok.com/@orslokx/video/7692468918987902230
     23,100   0.7   0.09   55 2026-08-17  @zcsdajqtyiw: What Happened to Kamikaze Chris From Street Outlaws? #kamikazechris#st
                                          https://www.tiktok.com/@zcsdajqtyiw/video/7674875267935931679
     15,800   7.0   0.23   23 2026-08-30  @robert.c.salazar07: First game type 🏈 💥 #footballtiktok #juco #elco #santabarbara #fyp 
                                          https://www.tiktok.com/@robert.c.salazar07/video/7679676283772538143
     14,900  20.3   2.66   17 2026-08-30  @sexxmusik: yung beef - 666 #elseko #yungbeef #deathnote #grandesclasicos #spain 
                                          https://www.tiktok.com/@sexxmusik/video/7679758723660696854
      8,366  11.2   0.17   13 2026-09-13  @11_guer0: From Boston to ELCO👅#xyzbca #fypシ゚viral #la #funny #elcaminocollege @I
                                          https://www.tiktok.com/@11_guer0/video/7685106924605426974
      5,829   6.7   0.33   21 2026-08-31  @bigdih676769: #elco #elcamino #fyp #triplets #blowup 
                                          https://www.tiktok.com/@bigdih676769/video/7680018078192766221
      5,232   5.0    0.1   49 2026-09-18  @anderson.casco7: #elsarco #viral 
                                          https://www.tiktok.com/@anderson.casco7/video/7686947785140227349
      4,593   7.3   0.48  313 2026-09-26  @kara_shawn: JUNIORS killed their rally dance! They should have definitely won! 💜 #
                                          https://www.tiktok.com/@kara_shawn/video/7689715836298317070
      4,576  14.1   0.61  157 2026-10-05  @emperatrizsgimenez: 
                                          https://www.tiktok.com/@emperatrizsgimenez/video/7693115776169037087
