  #tiktokshopbeauty: 84 videos
  #tiktokshopskincare: 83 videos
  #tiktokshopmakeup: 111 videos
  #tiktokshopfinds: 113 videos
  #makeupremover: 113 videos
  #cleansingbalm: 110 videos
  #doublecleanse: 140 videos
  #sensitiveskin: 141 videos
  #removemakeup: 128 videos

955 videos scanned, 145 shop videos posted in the last 30.0 day(s) -> research/viral/viral-2026-10-05.json
Ranked by average views/day since posting (run again later with the same --state for views gained between runs).

  #   per day   views   age save%  product / creator / url
  1      1.1M   21.8M 19.2d  0.37  (product not in TikTok's data)
                                  @sarvina450: #christmas #tiktokmademebuyit #tiktokshop #fyp 
                                  https://www.tiktok.com/@sarvina450/video/7686197199415397662
  2      735K    2.6M  3.5d  0.08  Silver Filtered Handheld Shower Head with ON/OFF Switch [Home Improvement]
                                  @rylieaine: Buy now before prices go up! Hurry, stock is running out!#fy
                                  https://www.tiktok.com/@rylieaine/video/7691998066894834957
  3      633K    3.5M  5.5d  0.13  Silver Classic Plug and Play Wired Design Earbuds with  [Phones & Electronics]
                                  @palley3058: so tuff #fypシ #ttshopdeals #tiktokmademebuyit #earbudsviral 
                                  https://www.tiktok.com/@palley3058/video/7691260589590596894
  4      431K    2.2M  5.1d  0.47  Hard Bottom Backseat Extenders for Dogs with Door Prote [Pet Supplies]
                                  @tiktokshopdeals4you: This is definitely worth the money! #fyp #tiktokshop #ruffli
                                  https://www.tiktok.com/@tiktokshopdeals4you/video/7691417627519913246
  5      304K    2.5M  8.2d  0.52  Women’s cotton wide-leg sweatpants with an elastic draw [Womenswear & Underwear]
                                  @zcvlmnwlxk: fall coded🍂#widelegpants #falldealsforyou #drawstringwaist #
                                  https://www.tiktok.com/@zcvlmnwlxk/video/7690259549638397214
  6      289K    7.0M 24.2d  0.61  【100% FIRE-SAFE】EAZY Wall Swivel Socket Extender - Mult [Phones & Electronics]
                                  @bensbuyss: They really cooked with this!! #outletextender #ezoutlet #ou
                                  https://www.tiktok.com/@bensbuyss/video/7684324362593258782
  7      252K    2.3M  9.1d  0.24  (product not in TikTok's data)
                                  @merlinepulley42: 3-in-1 winter hat,keeps your face,neck & ears toasty AF! Gra
                                  https://www.tiktok.com/@merlinepulley42/video/7689899316252626207
  8      248K    1.0M  4.0d  0.23  LUCKMEEY Low Back Bra for Women C–F Cups, Deep V Mesh W [Womenswear & Underwear]
                                  @angie.mmyers: Finally a comfortable backless bra that is so comfortable an
                                  https://www.tiktok.com/@angie.mmyers/video/7691817298197318942
  9      248K    2.1M  8.5d  0.21  100 PCS Food-Grade Stretch Food Covers, Disposable Elas [Home Supplies]
                                  @biraubrandolese: #tiktok #tiktokshop #tiktokmademebuyit #tiktokshopblackfrida
                                  https://www.tiktok.com/@biraubrandolese/video/7690169992377142559
 10      224K    2.6M 11.6d  1.33  Women's Striped Tie Long Sleeve Blouse Shirt and Wide-L [Womenswear & Underwear]
                                  @maddiejunee: #tiktokmademebuyit #autumnoutfits #tiktokshop #autumnaesthet
                                  https://www.tiktok.com/@maddiejunee/video/7688997099278585118
 11      148K    865K  5.8d  0.77  Women's Fashion PU Leather Low Heel Long Boots, Casual  [Shoes]
                                  @shhmightdelete: these are so freaking cute and comfy i saw someone had them 
                                  https://www.tiktok.com/@shhmightdelete/video/7691144646029806879
 12      116K    1.6M 13.8d   0.3  Glam Metallic Liquid Lipstick #RD02 Painkiller Lipgloss [Beauty & Personal Care]
                                  @morganliving: Metallic lips😍💋 @Focallure #focalsparkle #tiktokshopblackfri
                                  https://www.tiktok.com/@morganliving/video/7688138142406282510
 13       97K    1.7M 17.5d  0.66  Gevoli Collapsible Colanders 3-Pack, Sturdy Kitchen Sie [Home Supplies]
                                  @musthavemaddie: #tiktokshop #sohochic #tiktokshopholidayhaul #fyp #dealsfory
                                  https://www.tiktok.com/@musthavemaddie/video/7686828591547567391
 14       87K    290K  3.3d  0.21  Women's 2026 Winter European-American Plush Round Neck  [Sports & Outdoor]
                                  @besswell04: Before it gets colder,grab one while it’s still on sale.#coz
                                  https://www.tiktok.com/@besswell04/video/7692082161205169422
 15       82K    284K  3.5d   0.1  (product not in TikTok's data)
                                  @nimya: Our bestselling setting spray is now back in stock! 💙💦 Makeu
                                  https://www.tiktok.com/@nimya/video/7692021525641268513
 16       71K    228K  3.2d  0.37  (product not in TikTok's data)
                                  @painted: 🩷👑 Queen Mikayla approving our new Painted Highlighters 😍✨ S
                                  https://www.tiktok.com/@painted/video/7691826112430722317
 17       61K    188K  3.1d  0.93  (product not in TikTok's data)
                                  @samyrapriscilaa: Testando os cleansing balm da @guavaskin 💚 #skincare 
                                  https://www.tiktok.com/@samyrapriscilaa/video/7692174482257054994
 18       55K    1.3M 23.6d  0.12  6.56-inch smartphone, 5MP + 13MP cameras, 4GB RAM + 32G [Phones & Electronics]
                                  @ginaaaa900: Under $100!! Smartphone from TikTokShop, that has Tiktok App
                                  https://www.tiktok.com/@ginaaaa900/video/7684553076346293518
 19       40K    108K  2.7d  0.33  ROZINO Natural Coconut Oil Hair Removal Cream - Easy, G [Beauty & Personal Care]
                                  @mary1621official: Coconut-oil facial hair-removal cream for smooth, soft-feeli
                                  https://www.tiktok.com/@mary1621official/video/7692291375341047071
 20       39K    994K 25.5d  0.37  Women's Elegant Chic High-Waist Wide-Leg Pants, Casual  [Womenswear & Underwear]
                                  @scarlett.fashion3: #fashion #spotlightfinds #usa #dealsforyoudays #tiktokshop 
                                  https://www.tiktok.com/@scarlett.fashion3/video/7683860661327105293
