30 products for 'silicone ring' -> ugc/thunderfit-ring/research/shop/shop-silicone-ring.json  (sold = lifetime units, not recent sales)

     sold    price rating  reviews  shop / product / url
   13,112   $51.94    4.7    1,544  Groove Life: Groove Life Mossy Oak Bottomland Camo Silicone Wedding Ring 
                                    https://shop.tiktok.com/us/pdp/silicone-ring-by-groove-life-mossy-oak-bottomland-camo-design/1729449373006860396
   10,013   $64.99    4.8    1,578  Rinfit Rings: Rinfit Silicone Rings for Women with 10x8mm Emerald Cut CZ, 
                                    https://shop.tiktok.com/us/pdp/emerald-cut-cz-silicone-ring-by-rinfit-patent-pending-design-10x8-mm/1731474594378780691
    3,389   $18.98    4.7      374  4Urings: Men's Silicone Wedding Rings (7-Pack, Sizes 7-16) - 10mm Wid
                                    https://shop.tiktok.com/us/pdp/mens-silicone-wedding-bands-by-true-commitment-10mm-wide-ergonomic-design/1729596520117342435
    2,210   $64.99    4.8      308  Rinfit Rings: RINFIT Women's Silicone Wedding Band - GlowStone Collection,
                                    https://shop.tiktok.com/us/pdp/silicone-ring-rinfit-11x8mm-oval-cz-patent-pending-design-ultra-comfortable-band/1731474592204886035
    1,785    $1.98    4.6      233  Aneagle: Silicone Stackable Rings, Fashionable Colorful Ring for Wome
                                    https://shop.tiktok.com/us/pdp/silicone-ring-for-women-colorful-fashion-jewelry-daily-wear/1731096384948965802
    1,165   $64.99    4.8       85  Rinfit Rings: Rinfit Silicone Rings for Women with Thin Band and 11x8mm Ov
                                    https://shop.tiktok.com/us/pdp/rinfit-elegant-silicone-ring-oval-zirconia-workout-friendly/1732433031430443027
      733   $14.99    4.6      119  QoBands: Men's Step Edge Silicone Band Ring - Metal-Allergy Safe, Dur
                                    https://shop.tiktok.com/us/pdp/mens-step-edge-silicone-ring-hypoallergenic-comfort-fit/1732194181320577728
      626   $71.49    4.8       69  Rinfit Rings: Rinfit Thin Silicone Rings for Women with 10x8mm Emerald Cut
                                    https://shop.tiktok.com/us/pdp/emerald-cut-cubic-zirconia-ring-by-rinfit-silicone-band-comfort/1732433031430508563
      543   $59.99    4.8       53  Rinfit Rings: Rinfit Clear Silicone Rings for Women with 11x8mm Oval Cut C
                                    https://shop.tiktok.com/us/pdp/rinfit-frosted-clear-thin-silicone-ring-with-oval-cz-elegant-comfortable/1732433028044263443
      462   $45.44    4.8      537  Groove Life: Groove Life Katie Van Slyke Ring, Breathable Women's Silicon
                                    https://shop.tiktok.com/us/pdp/poppy-petunia-signature-ring-floral-accents-durable/1729450277793468524
      307   $77.99    4.7       24  Rinfit Rings: Rinfit Thin Silicone Rings for Women with 10x8mm Emerald Cut
                                    https://shop.tiktok.com/us/pdp/rinfit-frosted-clear-thin-silicone-ring-with-emerald-cz-elegant-comfortable/1732433026855047187
      298   $45.44    4.5      254  Groove Life: Groove Life Katie Van Slyke Ring, Breathable Women's Silicon
                                    https://shop.tiktok.com/us/pdp/spring-pasture-groove-ring-by-groove-life-chestnut-horse-silhouettes/1729484620978819180
      275    $12.6    4.5       57  QoBands: Women's 5.7mm Sparkling Finish Full Silicone Engagement Ring
                                    https://shop.tiktok.com/us/pdp/sparkling-silicone-engagement-ring-size-4-12-hypoallergenic-stylish/1732177055430185664
      260     $1.8    4.4       22  Aneagle: Men's Silicone Ring, Hypoallergenic Ring, Minimalist Ring fo
                                    https://shop.tiktok.com/us/pdp/mens-silicone-ring-minimalist-trendy-jewelry-for-gifts/1731368409928470954
      186     $9.9    4.9       38  QoBands: Male 4-Pack Black Silicone Wedding Bands - Textured Grip, St
                                    https://shop.tiktok.com/us/pdp/gift-for-him-4-black-silicone-wedding-bands-for-active-lifestyles-non-slip-comfort-fit-textured-grip-design/1732174258422452928
      126    $2.49    4.3       11  Annababy Jewelry: 3 Pack Rubber Wedding Bands for Men, Finger Rings, 8mm Hypoa
                                    https://shop.tiktok.com/us/pdp/3-pack-hypoallergenic-silicone-rings-for-men-sizes-7-14/1732416964587327628
       63   $45.44    4.8       32  Groove Life: Groove Ring – Silicone Wedding Band for Men, Breathable Ligh
                                    https://shop.tiktok.com/us/pdp/surge-ring-by-groove-life-green-silicone-with-fog-gray-inner-band/1729963754429649004
       41    $9.49    3.9        8  Deyan Jewelry: Heart-Shaped Zircon Silicone Ring, Heart Cut Ring, Elegant L
                                    https://shop.tiktok.com/us/pdp/elegant-heart-shaped-zircon-silicone-ring-waterproof-lightweight/1732445509054075282
       29    $3.31    2.5        2  Annababy Jewelry: 8 Pack Silicone Wedding Rings for Men, 8mm Wide Rubber Weddi
                                    https://shop.tiktok.com/us/pdp/8-pack-silicone-wedding-rings-for-men-hypoallergenic-breathable/1732415483952533644
       28    $5.63      3        2  SPORTIC: Classic Black Silicone Sport Rings - Hypoallergenic, Durable
                                    https://shop.tiktok.com/us/pdp/silicone-rings-classic-black-rubber-wedding-band-comfort-durability/1729476788350457420
