30 products for 'razor bump treatment' -> ugc/ingrown-hair-roller/research/shop3/shop-razor-bump-treatment.json  (sold = lifetime units, not recent sales)

     sold    price rating  reviews  shop / product / url
   97,799    $42.9    4.4   11,523  Truly Beauty: Smooth Legend After Shave Serum – Targets Ingrowns and Disco
                                    https://shop.tiktok.com/us/pdp/smooth-legend-after-shave-serum-by-truly-beauty-hydrating-exfoliating/1729639210436498122
   43,202   $39.99    4.5    1,268  The Bikini Line Co.: BBL Serum - 3-in-1 Bikini Line Serum - Designed for ingrown 
                                    https://shop.tiktok.com/us/pdp/bright-bikini-line-serum-hydrating-soothing-formula/1731721074920231162
   27,412   $58.49    4.3    2,516  Caramela Beauty: Caramela Beauty Cyperus Rotundus Body Oil 2-Pack - Naturally
                                    https://shop.tiktok.com/us/pdp/caramela-beauty-cyperus-rotundus-oil-natural-hair-reduction-60ml/1732112502586577379
   22,729      $45    4.6    1,103  First Aid Beauty: First Aid Beauty Ingrown TTS Exclusive Bump-Smoothing Duo: H
                                    https://shop.tiktok.com/us/pdp/beauty-hair-pads-60ct-strawberry-scented/1732016864752931551
    9,596   $25.86    4.7    1,159  Divine Derriere: Divine Derriere Razor Bump Stopper with Dark Spot Remover In
                                    https://shop.tiktok.com/us/pdp/razor-bump-stopper-by-divine-derriere-hair-dark-spot-remedy/1729399658542043724
    9,475   $38.99    4.7      697  MyMagicHealer USA: MyMagicHealer Thyme & Tea Tree Flare Care | Recurring Acne &
                                    https://shop.tiktok.com/us/pdp/flare-care-mymagichealer-thyme-tea-tree-acne-treatment-daily-skincare/1729541457716351100
    7,946   $18.19    4.5      394  Patrol Grooming: Bump Patrol Original Strength Aftershave Treatment - Helps E
                                    https://shop.tiktok.com/us/pdp/bump-patrol-aftershave-original-by-patrol-grooming-for-razor-bumps-relief/1729405889116738267
    5,181   $22.99    4.3      339  TrueReliefBeauty: TrueRelief Alcohol-Free Botanical Scalp & Body Revitalising 
                                    https://shop.tiktok.com/us/pdp/truerelief-folliculitis-treatment-cream-120g-organic/1732137184696766931
    2,870   $22.99      4      185  TrueReliefBeauty: TrueRelief Folliculitis Treatment Cream 120g - Unisex Adult 
                                    https://shop.tiktok.com/us/pdp/truerelief-folliculitis-care-cream-gentle-botanical-formula/1729477447167219155
    2,403   $35.99    4.7      109  Peach Slices: Peach Slices Smoothing Solution (2-Pack Value) Ingrown Hair 
                                    https://shop.tiktok.com/us/pdp/hair-solution-2-pack-smoothing-treatment-all-skin-types/1732184060985447364
    1,640   $14.99    4.6       87  Patrol Grooming: Bump Patrol Maximum Strength Liquid Aftershave Treatment - 4
                                    https://shop.tiktok.com/us/pdp/aftershave-bump-patrol-by-patrol-grooming-maximum-strength-for-razor-bumps/1729405904550531803
      886   $19.31    4.5       75  Base Laboratories: Ingrown Hair Roller Serum – AHA + BHA Razor Bump Treatment f
                                    https://shop.tiktok.com/us/pdp/hair-roller-serum-for-razor-bumps-trapped-hairs/1732223088717435744
      780   $41.97    4.5       33  Peach Slices: The Reset Duo from Peach Slices: Smoothing Solution Ingrown 
                                    https://shop.tiktok.com/us/pdp/peach-slices-reset-duo-shaving-care-skin-repair-kit/1732394120467813316
      626   $14.99    4.6       57  LA.PERSONAL BEAUTY: Ingrown Hair Body Oil-  Soothes Razor Burn and Redness after
                                    https://shop.tiktok.com/us/pdp/hair-treatment-by-la-personal-for-men-women-razor-bump-relief-hydrating-oil-for-all-skin-types/1731104503407415534
      601   $14.04    4.5       44  Beauty: Cyperus Rotundus Oil Roll-On Hair Removal Serum with Chamomi
                                    https://shop.tiktok.com/us/pdp/cyperus-rotundus-oil-roll-on-for-hair-removal-sensitive-skin/1732475537147793874
      216    $18.2    4.8       19  Megababe: Megababe Après Shave Roll-On Treatment - Body Care Cosmetic 
                                    https://shop.tiktok.com/us/pdp/apres-shave-roll-on-treatment-by-megababe-for-razor-bumps-hairs/1729567692115252148
      125   $16.15    4.7       13  myflowerbox: Dark Spot Restoring Body Oil - Women's Cosmetic Skin Product
                                    https://shop.tiktok.com/us/pdp/lady-parts-restore-oil-by-my-flower-box-premium-quality-reliable-storage/1731148949421527751
       60   $13.29    4.7       19  The Cut Buddy: The Cut Buddy Bump Buddy 50ML Alcohol-Free Razor Bump Treatm
                                    https://shop.tiktok.com/us/pdp/razor-bump-treatment-by-the-cut-buddy-aftershave-cream-50-ml/1729709821681897692
       54   $10.99      4        2  Beauty: Cyperus Rotundus Oil 60ml Roll-On Post-Hair Removal Serum - 
                                    https://shop.tiktok.com/us/pdp/cyperus-rotundus-oil-roll-on-serum-for-smooth-skin-soothes-irritation-slows-hair-regrowth-ideal-for-sensitive-areas/1732635000167764434
       52   $10.16      5        4  Style Collection: Bump Patrol Men's Post Shave Care Aftershave Treatment - Ros
                                    https://shop.tiktok.com/us/pdp/bump-patrol-aftershave-serum-for-razor-bumps-hairs/1732400890825970186
