10 products for 'ingrown hair serum' -> ugc/ingrown-hair-roller/research/shop/shop-ingrown-hair-serum.json  (sold = lifetime units, not recent sales)

     sold    price rating  reviews  shop / product / url
      270  $199.99    4.8       22  GLAM-: 【3 Boxes】Micro-Needle Hair Regrowth Serum for Hair Loss Prev
                                    https://shop.tiktok.com/us/pdp/micro-needle-hair-regrowth-serum-for-hair-loss-prevention/1729499168594171457
       83      $30    4.8      152  Verb Products: Density Peptide Hair Serum
                                    https://shop.tiktok.com/us/pdp/density-peptide-hair-serum-by-verb-boosts-hair-thickness/1731288463685488653
       79    $8.96    4.6        8  Chic Skin Boost: 25ml Hair Rollerball Serum, Scalp Treatment Serum with Natur
                                    https://shop.tiktok.com/us/pdp/yanyutong-25ml-roll-on-hair-serum-with-rosemary-extract/1732091274239840422
       51   $33.99    4.8      171  Pattern: PATTERN Beauty Scalp Serum | Peppermint, Rosemary & Lavender
                                    https://shop.tiktok.com/us/pdp/scalp-serum-for-soothing-roots-hydrates-with-peppermint-oil/1731811477162660441
       32      $32    4.8       13  Salee Hair: Salee Scalp Serum - Caffeine, Biotin and Hyaluronic Acid For
                                    https://shop.tiktok.com/us/pdp/scalp-serum-for-hair-growth-health-hydration-boost/1731488732161609775
       22    $9.98               0  HalcyonGlow: Batana Hair Serum - Deep nourishing and repairing, strengthe
                                    https://shop.tiktok.com/us/pdp/batana-hair-serum-by-audozava-nourishing-scalp-care-strengthens-hair/1731197759138533503
       12    $9.99      5        2  Jungshea: GHK Copper Peptide Hair Growth Serum - Sensitive Scalp Treat
                                    https://shop.tiktok.com/us/pdp/ghk-copper-peptide-hair-serum-strengthens-nourishes/1732348187611402323
        6      $28               0  LMBHair&Skin: Beauty Growth Serum for ultimate hair growth
                                    https://shop.tiktok.com/us/pdp/beauty-growth-serum-by-lmb-hair-skin-for-ultimate-hair-growth/1729399273626833624
        5   $19.99      5        5  Nya Skincare Shop: Nya’s Healthy hair growth serum 4oz
                                    https://shop.tiktok.com/us/pdp/nya-s-hair-growth-serum-4oz-extra-strength-moisturizing/1732302751678108235
        1      $40               0  xifyhoufnjk: Rosemary Hair Growth Serum Roll-On Bottle 25ml – Contains Ro
                                    https://shop.tiktok.com/us/pdp/rosemary-hair-growth-serum-roll-on-25ml-promote-healthier-hair/1732109686416249643
