--days 60: kept 13 of 86 videos posted since 2026-08-07
13 videos -> ugc/ingrown-hair-roller/research/tag_ingrownhair/tag-ingrownhair.json

      views  eng%  save%  dur     posted  author / caption / url
  1,500,000   1.7   0.06   36 2026-09-18  @closeupclippers: #followformore #closeupclippers #ingrownhair #blowthisup #satysfying 
                                          https://www.tiktok.com/@closeupclippers/video/7686344352926387470
    490,200   2.8   0.11   44 2026-08-29  @closeupclippers: Wow, share this one out y’all🥴🥴 craziest ingrown hair I’ve ever seen!!
                                          https://www.tiktok.com/@closeupclippers/video/7679545675775888670
    408,400   1.8   0.11   11 2026-08-27  @sugaraestheticsperth: clients always ask how I get ingrown hairs out… 👀 super gentle process
                                          https://www.tiktok.com/@sugaraestheticsperth/video/7678588717015010581
    252,400   2.0   0.05   44 2026-09-27  @hairremovaltok: #hairremovaltok - #hairremoval #ingrownhair #satisfying #ingrownhairre
                                          https://www.tiktok.com/@hairremovaltok/video/7690228731222297876
     36,100   0.4   0.02   20 2026-10-02  @loveporetherapy: PAUSE & READ BEFORE WATCHING! Leave a comment to guess how many hairs 
                                          https://www.tiktok.com/@loveporetherapy/video/7692167713568918806
     14,000   1.4   0.22   60 2026-10-02  @barebyang: Ingrowns don’t stand a chance over here 👀✨ Good aftercare + consistent
                                          https://www.tiktok.com/@barebyang/video/7692183402375679245
     12,400   0.4   0.03    6 2026-09-29  @za.zi.1: #ingrownhairremoval #hairremoval #satisfyingvideos #asmr #fyp Wait unt
                                          https://www.tiktok.com/@za.zi.1/video/7690916607048158497
     10,900   2.8   0.21   62 2026-09-15  @nypost: New fear unlocked. 😬 A content creator says shaving her bikini line le
                                          https://www.tiktok.com/@nypost/video/7685873710749781262
      5,768   3.5   0.17   68 2026-10-03  @reinaofbeauty_esthetics: Some ingrown hair extractions bc I know the internet loves this lol Th
                                          https://www.tiktok.com/@reinaofbeauty_esthetics/video/7692298997926481166
      3,837   1.0   0.05   42 2026-10-04  @closeupclippers: Yo, ever seen a hair splinter? Anyone ever get these? #ingrownhair #bl
                                          https://www.tiktok.com/@closeupclippers/video/7692668856766106894
      3,614   0.3      0   10 2026-09-20  @motiv8.freedom: Satisfying Ingrown hair removal ASMR 🍉🐱 #asmr #ingrownhairtreatment #h
                                          https://www.tiktok.com/@motiv8.freedom/video/7687742906542673183
      3,218   2.4   0.06   14 2026-09-27  @royalskinwaxing: #foryoupage #waxspecialist #ingrown #ingrownhairtreatment #fyp 
                                          https://www.tiktok.com/@royalskinwaxing/video/7690080368036154637
        300   7.7   0.33  325 2026-10-05  @soxnen4: #dermreacts #dermatologist #ingrownhair #pimplepop 
                                          https://www.tiktok.com/@soxnen4/video/7693103687215910158
