--days 60: kept 24 of 82 videos posted since 2026-08-07
24 videos -> ugc/ingrown-hair-roller/research/tag_razorbumps/tag-razorbumps.json

      views  eng%  save%  dur     posted  author / caption / url
  1,200,000   4.0   0.81   16 2026-09-25  @alim_kh0: Take notes !! #razorbumps 
                                          https://www.tiktok.com/@alim_kh0/video/7689517887546985760
    765,300   2.3   0.08    7 2026-09-02  @jzmyn21: That looks could to me #4cbodyhair #ingrownhair #razorbumps #insecurit
                                          https://www.tiktok.com/@jzmyn21/video/7680993915289275681
    745,000   0.4   0.13   21 2026-08-28  @lovingcharlotte7: GRAB YOU SOME IN THE ORANGE CART BELOW !!! You can use this after shav
                                          https://www.tiktok.com/@lovingcharlotte7/video/7679178032665480462
    729,400   2.1   0.55   76 2026-10-01  @draleksandrabrown: If shaving always leaves you with ingrown hairs, you may be making one
                                          https://www.tiktok.com/@draleksandrabrown/video/7691595263151983885
    370,200  22.8   1.24    6 2026-09-16  @miahsperk: #fypシ #creatorsearchinsights #viral #foryoupage #relatable 
                                          https://www.tiktok.com/@miahsperk/video/7686171517616459039
    364,600   1.7    0.2   10 2026-08-21  @classiquebeautyspa: Tired of ingrown hairs, dark spots, and constant shaving? 🛑 Permanent 
                                          https://www.tiktok.com/@classiquebeautyspa/video/7676533869398461716
     33,800   0.6    0.1   18 2026-09-11  @stephen_a1hundred: If you already know shaving usually means dealing with bumps afterward
                                          https://www.tiktok.com/@stephen_a1hundred/video/7684080102560255245
     19,300   1.5   0.27   64 2026-08-26  @purederm_official: Stop picking your razor bumps! 🛑🪒 Shaving too closely traps angry body
                                          https://www.tiktok.com/@purederm_official/video/7678423136898993440
     11,600   7.7   1.34   86 2026-10-03  @nate2trey_: Azelaic acid could be a big game changer for men that struggle with ra
                                          https://www.tiktok.com/@nate2trey_/video/7692576586758966541
      6,142   1.7   0.26    8 2026-09-14  @mybodyhairjourney: Oh my 🥹🥹😭 #ingrownhair #shavebumps #bikiniline #shavingbumps #ingrownh
                                          https://www.tiktok.com/@mybodyhairjourney/video/7685475825675668767
      3,038   0.7   0.13   23 2026-09-25  @stephen_a1hundred: Putting the razor down doesn’t always mean the routine is finished. If
                                          https://www.tiktok.com/@stephen_a1hundred/video/7689591197739863309
      2,171   0.6   0.14   39 2026-09-24  @komingdou.persona: Tired of razor bumps? This shaver changed my morning routine #RazorBum
                                          https://www.tiktok.com/@komingdou.persona/video/7688998120541162782
      1,826   8.4    1.1  146 2026-10-05  @garythompson: Ingrown hairs + razor bumps = laser hair removal 🫶🏿
                                          https://www.tiktok.com/@garythompson/video/7693248343887138081
      1,299   0.8   0.15   39 2026-09-24  @komingdou.persona: Tired of razor bumps? This shaver changed my morning routine #RazorBum
                                          https://www.tiktok.com/@komingdou.persona/video/7689012130460355871
      1,131   1.0   0.09   23 2026-09-28  @stephen_a1hundred: Having sensitive skin has made razor bumps part of my shaving experien
                                          https://www.tiktok.com/@stephen_a1hundred/video/7690698049168903438
