  #tiktokshopbeauty: 58 videos
  #tiktokshopskincare: 82 videos
  #tiktokshopmakeup: 72 videos
  #tiktokshopfinds: 104 videos
  #ingrownhair: 88 videos
  #razorbumps: 135 videos
  #bikinibump: 81 videos
  #shavingtips: 107 videos

698 videos scanned, 147 shop videos posted in the last 30.0 day(s) -> ugc/ingrown-hair-roller/research/viral/viral-2026-10-06.json
Ranked by average views/day since posting (run again later with the same --state for views gained between runs).

  #   per day   views   age save%  product / creator / url
  1      1.1M   21.8M 19.3d  0.37  (product not in TikTok's data)
                                  @sarvina450: #christmas #tiktokmademebuyit #tiktokshop #fyp 
                                  https://www.tiktok.com/@sarvina450/video/7686197199415397662
  2      621K    3.5M  5.6d  0.13  Silver Classic Plug and Play Wired Design Earbuds with  [Phones & Electronics]
                                  @palley3058: so tuff #fypシ #ttshopdeals #tiktokmademebuyit #earbudsviral 
                                  https://www.tiktok.com/@palley3058/video/7691260589590596894
  3      292K    7.1M 24.3d  0.61  【100% FIRE-SAFE】EAZY Wall Swivel Socket Extender - Mult [Phones & Electronics]
                                  @bensbuyss: They really cooked with this!! #outletextender #ezoutlet #ou
                                  https://www.tiktok.com/@bensbuyss/video/7684324362593258782
  4      249K    2.3M  9.2d  0.24  (product not in TikTok's data)
                                  @merlinepulley42: 3-in-1 winter hat,keeps your face,neck & ears toasty AF! Gra
                                  https://www.tiktok.com/@merlinepulley42/video/7689899316252626207
  5      245K    2.1M  8.6d  0.21  100 PCS Food-Grade Stretch Food Covers, Disposable Elas [Home Supplies]
                                  @biraubrandolese: #tiktok #tiktokshop #tiktokmademebuyit #tiktokshopblackfrida
                                  https://www.tiktok.com/@biraubrandolese/video/7690169992377142559
  6      137K    955K  7.0d   0.6  (product not in TikTok's data)
                                  @chlobo.2: Obsessed w this product and how convenient it is!! Just spra
                                  https://www.tiktok.com/@chlobo.2/video/7690759344673066271
  7      115K    1.6M 13.9d   0.3  Glam Metallic Liquid Lipstick #RD02 Painkiller Lipgloss [Beauty & Personal Care]
                                  @morganliving: Metallic lips😍💋 @Focallure #focalsparkle #tiktokshopblackfri
                                  https://www.tiktok.com/@morganliving/video/7688138142406282510
  8       70K    231K  3.3d  0.37  Painted Highlighter - luminous, radiant powder shimmer  [Beauty & Personal Care]
                                  @painted: 🩷👑 Queen Mikayla approving our new Painted Highlighters 😍✨ S
                                  https://www.tiktok.com/@painted/video/7691826112430722317
  9       69K    1.2M 17.4d  0.19  (product not in TikTok's data)
                                  @ashendreviews: Replying to @Zaheerah🌸🌻 Ready to deal with those unwanted sk
                                  https://www.tiktok.com/@ashendreviews/video/7686891647925308704
 10       55K    1.3M 23.7d  0.12  6.56-inch smartphone, 5MP + 13MP cameras, 4GB RAM + 32G [Phones & Electronics]
                                  @ginaaaa900: Under $100!! Smartphone from TikTokShop, that has Tiktok App
                                  https://www.tiktok.com/@ginaaaa900/video/7684553076346293518
 11       49K    314K  6.4d  0.18  6PCS 3+ Years Finger Shape Plastic Retractable Pointer  [Toys & Hobbies]
                                  @thatgirlyisabrat: #TikTokShop #GadgetFinds #TechTok #CoolFinds #TikTokMadeMeBu
                                  https://www.tiktok.com/@thatgirlyisabrat/video/7690990932832931086
 12       36K    534K 15.0d  0.18  Salicylic Acid 2% Solution [Beauty & Personal Care]
                                  @heunknownnn: #tiktokmademebuyit #tiktokshop #ordinary #skincare #health 
                                  https://www.tiktok.com/@heunknownnn/video/7687779044888284447
 13       35K    319K  9.0d  0.27  TIMEOFF Women's Polka Dot 2-Piece Activewear Set - Shor [Sports & Outdoor]
                                  @rn.ashley: This workout set is SO good omg 👌🏼🤎 #workoutset #pilatesoutf
                                  https://www.tiktok.com/@rn.ashley/video/7690004421299801375
 14       26K     47K  1.8d  0.32  Wallet Case for iPhone 18 17 Pro Max 16 15 14 13 12, Cu [Phones & Electronics]
                                  @maryeoficial: #tiktokshop #shopping #blackfriday 
                                  https://www.tiktok.com/@maryeoficial/video/7692688190754278686
 15       13K    389K 28.9d  0.12  Peach Slices Fix All Recovery Hypochlorous Spray, 120ml [Beauty & Personal Care]
                                  @my.beard.journey: so much😭😭🥹 #ingrownhair #shavingbumps #ingrownhairs #bfrelat
                                  https://www.tiktok.com/@my.beard.journey/video/7682621414200970509
 16       12K     56K  4.7d  0.07  OANVA 2 in 1 facial & eyebrow hair trimmer for Women, R [Beauty & Personal Care]
                                  @itsjaydendo: Which shaver is better #hairtrimmer #shavingtips #tiktokshop
                                  https://www.tiktok.com/@itsjaydendo/video/7691614726337383711
 17       12K    306K 26.2d   2.7  NVWA Women's 2-Piece Casual Athletic Set Ultra-stretchy [Sports & Outdoor]
                                  @femaleehendrixx: Everything linked🔗💖 my size is displayed on screen.
                                  https://www.tiktok.com/@femaleehendrixx/video/7683639058488134926
 18       11K    238K 21.0d  0.35  (product not in TikTok's data)
                                  @que.lipppppp: #maqullaje #beauty #lips #tiktokshop #fyp 
                                  https://www.tiktok.com/@que.lipppppp/video/7685560186622315784
 19      9.1K    138K 15.2d  0.09  point of view. contour it long-lasting lip liner trio m [Beauty & Personal Care]
                                  @sephora: Your lips 🤝🏽 this bundle @Point of View Beauty #TikTokShopGr
                                  https://www.tiktok.com/@sephora/video/7687705731000274190
 20      8.8K    118K 13.4d  0.82  PLAYHOT Ice-Cooling Turbo Handheld USB Mini Portable Fa [Household Appliances]
                                  @headmasterpq: Got these socks from TikTok Shop just for fun, and they actu
                                  https://www.tiktok.com/@headmasterpq/video/7688366136529866014
